Microchip MPLAB XC8 Compiler V2.20

Linker command line:

-W-3 --edf=C:\Program Files\Microchip\xc8\v2.20\pic\dat\en_msgs.txt -cn \
  -h+dist/default/production\MikroTik_task.X.production.sym \
  --cmf=dist/default/production\MikroTik_task.X.production.cmf -z \
  -Q18F45J10 -oC:\Users\User\AppData\Local\Temp\sd5g.2 \
  --defsym=__MPLAB_BUILD=1 \
  -Mdist/default/production/MikroTik_task.X.production.map -E1 \
  -ver=XC8 Compiler --acfsm=1493 -ASTACK=0100h-03FFh -pstack=STACK \
  -ACODE=00h-07FF7h -ACONST=00h-07FF7h \
  -ASMALLCONST=0400h-04FFhx123,07F00h-07FF7h -AMEDIUMCONST=0400h-07FF7h \
  -ACOMRAM=01h-07Fh -AABS1=00h-03FFh -ABIGRAM=01h-03FFh \
  -ARAM=080h-0FFh,0100h-01FFhx3 -ABANK0=080h-0FFh -ABANK1=0100h-01FFh \
  -ABANK2=0200h-02FFh -ABANK3=0300h-03FFh -ASFR=0F80h-0FFFh \
  -ACONFIG=07FF8h-07FFDh \
  -preset_vec=00h,intcode=08h,intcodelo=018h,powerup,init -pramtop=0400h \
  -psmallconst=SMALLCONST -pmediumconst=MEDIUMCONST -pconst=CONST \
  -AFARRAM=00h-00h -pjflash_buffer=07800h \
  -prdata=COMRAM,nvrram=COMRAM,nvbit=COMRAM,rbss=COMRAM,rbit=COMRAM \
  -pfarbss=FARRAM,fardata=FARRAM,nvFARRAM=FARRAM \
  -pintsave_regs=BIGRAM,bigbss=BIGRAM,bigdata=BIGRAM -pbss=RAM \
  -pidata=CODE,irdata=CODE,ibigdata=CODE,ifardata=CODE -prparam=COMRAM \
  C:\Users\User\AppData\Local\Temp\sd5g.o \
  dist/default/production\MikroTik_task.X.production.o 

Object code version is 3.11

Machine type is 18F45J10



                Name                               Link     Load   Length Selector   Space Scale
C:\Users\User\AppData\Local\Temp\sd5g.o
                config                             7FF8     7FF8        6        0       4
                init                                 C2       C2        4        C       0
                reset_vec                             0        0        4        0       0
dist/default/production\MikroTik_task.X.production.o
                intcodelo                            18       18       AA        C       0
                intcode                               8        8        6        4       0
                config                             7FF8     7FF8        6        0       4
                temp                                 42       42        1        1       1
                smallconst                          400      400       A0      200       0
                text28                              B44      B44       4C      250       0
                text27                              CD6      CD6       3A      250       0
                text26                              6E2      6E2       D6      250       0
                text25                              94A      94A       C0      250       0
                text24                              4A0      4A0      14C      250       0
                text23                              C9A      C9A       3C      250       0
                text22                              A9E      A9E       56      250       0
                text21                              DFE      DFE        4      6F4       0
                intcode_body                        A0A      A0A       94      250       0
                text19                              DFA      DFA        4      6F4       0
                text18                              C5A      C5A       40      250       0
                text17                              7B8      7B8       CC      250       0
                text16                              884      884       C6      250       0
                text15                              D10      D10       26      250       0
                text13                              DF6      DF6        4      6F4       0
                text12                              D58      D58       22      250       0
                text11                              D7A      D7A       20      250       0
                text10                              D36      D36       22      250       0
                text9                               AF4      AF4       50      250       0
                text8                               5EC      5EC       F6      250       0
                text7                               DF2      DF2        4      6F4       0
                text6                               DCE      DCE       12      250       0
                text5                               DE8      DE8        6      6F4       0
                text4                               DB6      DB6       18      250       0
                text3                               C1A      C1A       40      250       0
                text2                               B90      B90       4A      250       0
                text1                               DEE      DEE        4      6F4       0
                text0                               D9A      D9A       1C      250       0
                cstackCOMRAM                          1        1       37        1       1
                bssBANK0                             80       80       80       80       1
                dataCOMRAM                           38       38        7        1       1
                bssCOMRAM                            3F       3F        3        1       1
                cinit                               BDA      BDA       40      250       0
                idataCOMRAM                         DE0      DE0        7      250       0

TOTAL           Name                               Link     Load   Length     Space
        CLASS   STACK          

        CLASS   CODE           
                intcodelo                            18       18       AA         0
                intcode                               8        8        6         0
                init                                 C2       C2        4         0
                reset_vec                             0        0        4         0
                text28                              B44      B44       4C         0
                text27                              CD6      CD6       3A         0
                text26                              6E2      6E2       D6         0
                text25                              94A      94A       C0         0
                text24                              4A0      4A0      14C         0
                text23                              C9A      C9A       3C         0
                text22                              A9E      A9E       56         0
                text21                              DFE      DFE        4         0
                intcode_body                        A0A      A0A       94         0
                text19                              DFA      DFA        4         0
                text18                              C5A      C5A       40         0
                text17                              7B8      7B8       CC         0
                text16                              884      884       C6         0
                text15                              D10      D10       26         0
                text13                              DF6      DF6        4         0
                text12                              D58      D58       22         0
                text11                              D7A      D7A       20         0
                text10                              D36      D36       22         0
                text9                               AF4      AF4       50         0
                text8                               5EC      5EC       F6         0
                text7                               DF2      DF2        4         0
                text6                               DCE      DCE       12         0
                text5                               DE8      DE8        6         0
                text4                               DB6      DB6       18         0
                text3                               C1A      C1A       40         0
                text2                               B90      B90       4A         0
                text1                               DEE      DEE        4         0
                text0                               D9A      D9A       1C         0
                cinit                               BDA      BDA       40         0
                idataCOMRAM                         DE0      DE0        7         0

        CLASS   CONST          

        CLASS   SMALLCONST     
                smallconst                          400      400       A0         0

        CLASS   MEDIUMCONST    

        CLASS   COMRAM         
                temp                                 42       42        1         1
                cstackCOMRAM                          1        1       37         1
                dataCOMRAM                           38       38        7         1
                bssCOMRAM                            3F       3F        3         1

        CLASS   ABS1           

        CLASS   BIGRAM         

        CLASS   RAM            

        CLASS   BANK0          
                bssBANK0                             80       80       80         1

        CLASS   BANK1          

        CLASS   BANK2          

        CLASS   BANK3          

        CLASS   SFR            

        CLASS   CONFIG         
                config                             7FF8     7FF8        6         4

        CLASS   FARRAM         

        CLASS   IDLOC          



SEGMENTS        Name                           Load    Length   Top    Selector   Space  Class

                reset_vec                      000000  000004  000004         0       0  CODE    
                cstackCOMRAM                   000001  000042  000043         1       1  COMRAM  
                intcode                        000008  000006  00000E         4       0  CODE    
                intcodelo                      000018  0000AE  0000C6         C       0  CODE    
                bssBANK0                       000080  000080  000100        80       1  BANK0   
                smallconst                     000400  0000A0  0004A0       200       0  SMALLCON
                text24                         0004A0  000947  000DE7       250       0  CODE    
                text5                          000DE8  00001A  000E02       6F4       0  CODE    


UNUSED ADDRESS RANGES

        Name                Unused          Largest block    Delta
        BANK1            00100-001FF             100
        BANK2            00200-002FF             100
        BANK3            00300-003FF             100
        BIGRAM           00043-0007F              3D
                         00100-003FF             300
        CODE             00004-00007               4
                         0000E-00017               A
                         000C6-003FF             33A
                         00DE7-00DE7               1
                         00E02-07FF7            71F6
        COMRAM           00043-0007F              3D
        CONST            00004-00007               4
                         0000E-00017               A
                         000C6-003FF             33A
                         00DE7-00DE7               1
                         00E02-07FF7            71F6
        MEDIUMCONST      00DE7-00DE7               1
                         00E02-07FF7            71F6
        RAM              00100-003FF             100
        SFR              00F80-00FFF              80
        SMALLCONST       00DE7-00DE7               1
                         00E02-07FF7             100
        STACK            00100-003FF             300

                                  Symbol Table

?___wmul                                cstackCOMRAM  00020
?_strchr                                cstackCOMRAM  00001
?_strlen                                cstackCOMRAM  00001
?_strncmp                               cstackCOMRAM  00001
?_strstr                                cstackCOMRAM  0000C
Configure_T0@bits                       cstackCOMRAM  00034
Configure_T0@prescaler                  cstackCOMRAM  00030
EUSART_Analize_data@temp_data           cstackCOMRAM  00014
EUSART_Analize_data@temp_pointer        cstackCOMRAM  00015
EUSART_Transmit@buffer                  cstackCOMRAM  00001
EUSART_Transmit@i                       cstackCOMRAM  00007
EUSART_Transmit@size                    cstackCOMRAM  00006
LED_Controller_Switch_Left@current_led  cstackCOMRAM  0002A
LED_Controller_Switch_Right@current_led cstackCOMRAM  0002A
RX_TX@temp                              cstackCOMRAM  0001F
Set_PORTA_as_output@port                cstackCOMRAM  00032
Set_PORTB_as_input@port                 cstackCOMRAM  00032
Set_PORTB_as_output@port                cstackCOMRAM  00032
_ADCON0                                 (abs)         00FC2
_ADCON1                                 (abs)         00FC1
_BAUDCONbits                            (abs)         00FB8
_Configure_T0                           text8         005EC
_Current_LED                            dataCOMRAM    0003C
_Direction                              dataCOMRAM    0003D
_EUSART_Analize_data                    text24        004A0
_EUSART_Receive                         text23        00C9A
_EUSART_Transmit                        text22        00A9E
_EUSART_Turn_RX_ON                      text13        00DF6
_EUSART_Turn_TX_OFF                     text21        00DFE
_EUSART_Turn_TX_ON                      text7         00DF2
_GPIO_Setup                             text9         00AF4
_INTCON2bits                            (abs)         00FF1
_INTCONbits                             (abs)         00FF2
_IPR1bits                               (abs)         00F9F
_Init_Startup                           text2         00B90
_LED_Controller_Switch_Left             text17        007B8
_LED_Controller_Switch_Right            text16        00884
_OSCCON                                 (abs)         00FD3
_PIE1bits                               (abs)         00F9D
_PIR1bits                               (abs)         00F9E
_PORTAbits                              (abs)         00F80
_PORTBbits                              (abs)         00F81
_RCONbits                               (abs)         00FD0
_RCREG                                  (abs)         00FAE
_RCSTAbits                              (abs)         00FAB
_RX_TX                                  intcode       00008
_RX_pointer                             dataCOMRAM    00038
_Receive_Buffer                         bssBANK0      00080
_SPBRG                                  (abs)         00FAF
_SPBRGH                                 (abs)         00FB0
_Set_EUSART                             text6         00DCE
_Set_PORTA_as_output                    text12        00D58
_Set_PORTB_as_input                     text11        00D7A
_Set_PORTB_as_output                    text10        00D36
_T0CON                                  (abs)         00FD5
_T0CONbits                              (abs)         00FD5
_TRISA                                  (abs)         00F92
_TRISB                                  (abs)         00F93
_TXREG                                  (abs)         00FAD
_TXSTAbits                              (abs)         00FAC
_TX_pointer                             dataCOMRAM    0003A
_Timer_counter                          bssCOMRAM     0003F
_Timer_multiplier                       dataCOMRAM    0003E
_Timers                                 intcodelo     00018
_Timers_Turn_T0_ON                      text1         00DEE
_Toggle_HS_Osc                          text5         00DE8
_Transmit_Buffer                        bssBANK0      000C0
_Turn_on_Interrupts                     text4         00DB6
__HRAM                                  (abs)         00000
__Habs1                                 abs1          00000
__Hbank0                                bank0         00000
__Hbank1                                bank1         00000
__Hbank2                                bank2         00000
__Hbank3                                bank3         00000
__Hbigbss                               bigbss        00000
__Hbigdata                              bigdata       00000
__Hbigram                               bigram        00000
__Hbss                                  bss           00000
__HbssBANK0                             bssBANK0      00000
__HbssCOMRAM                            bssCOMRAM     00000
__Hcinit                                cinit         00000
__Hclrtext                              clrtext       00000
__Hcomram                               comram        00000
__Hconfig                               config        07FFE
__Hconst                                const         00000
__HcstackCOMRAM                         cstackCOMRAM  00000
__Hdata                                 data          00000
__HdataCOMRAM                           dataCOMRAM    00000
__Hfarbss                               farbss        00000
__Hfardata                              fardata       00000
__Hibigdata                             ibigdata      00000
__Hidata                                idata         00000
__HidataCOMRAM                          idataCOMRAM   00000
__Hidloc                                idloc         00000
__Hifardata                             ifardata      00000
__Hinit                                 init          000C6
__Hintcode                              intcode       0000E
__Hintcode_body                         intcode_body  00000
__Hintcodelo                            intcodelo     000C2
__Hintentry                             intentry      00000
__Hintret                               intret        00000
__Hintsave_regs                         intsave_regs  00000
__Hirdata                               irdata        00000
__Hjflash_buffer                        jflash_buffer 07800
__Hmediumconst                          mediumconst   00000
__HnvFARRAM                             nvFARRAM      00000
__Hnvbit                                nvbit         00000
__Hnvrram                               nvrram        00000
__Hparam                                rparam        00000
__Hpowerup                              powerup       000C2
__Hram                                  ram           00000
__Hramtop                               ramtop        00400
__Hrbit                                 rbit          00000
__Hrbss                                 rbss          00000
__Hrdata                                rdata         00000
__Hreset_vec                            reset_vec     00004
__Hrparam                               rparam        00000
__Hsfr                                  sfr           00000
__Hsmallconst                           smallconst    004A0
__Hspace_0                              (abs)         07800
__Hspace_1                              (abs)         00100
__Hspace_2                              (abs)         00000
__Hspace_4                              (abs)         0FFF6
__Hstack                                stack         00000
__Hstruct                               struct        00000
__Htemp                                 temp          00043
__Htext                                 text          00000
__Htext0                                text0         00000
__Htext1                                text1         00000
__Htext10                               text10        00000
__Htext11                               text11        00000
__Htext12                               text12        00000
__Htext13                               text13        00000
__Htext15                               text15        00000
__Htext16                               text16        00000
__Htext17                               text17        00000
__Htext18                               text18        00000
__Htext19                               text19        00000
__Htext2                                text2         00000
__Htext21                               text21        00000
__Htext22                               text22        00000
__Htext23                               text23        00000
__Htext24                               text24        00000
__Htext25                               text25        00000
__Htext26                               text26        00000
__Htext27                               text27        00000
__Htext28                               text28        00000
__Htext3                                text3         00000
__Htext4                                text4         00000
__Htext5                                text5         00000
__Htext6                                text6         00000
__Htext7                                text7         00000
__Htext8                                text8         00000
__Htext9                                text9         00000
__LRAM                                  (abs)         00001
__Labs1                                 abs1          00000
__Lbank0                                bank0         00000
__Lbank1                                bank1         00000
__Lbank2                                bank2         00000
__Lbank3                                bank3         00000
__Lbigbss                               bigbss        00000
__Lbigdata                              bigdata       00000
__Lbigram                               bigram        00000
__Lbss                                  bss           00000
__LbssBANK0                             bssBANK0      00000
__LbssCOMRAM                            bssCOMRAM     00000
__Lcinit                                cinit         00000
__Lclrtext                              clrtext       00000
__Lcomram                               comram        00000
__Lconfig                               config        00000
__Lconst                                const         00000
__LcstackCOMRAM                         cstackCOMRAM  00000
__Ldata                                 data          00000
__LdataCOMRAM                           dataCOMRAM    00000
__Lfarbss                               farbss        00000
__Lfardata                              fardata       00000
__Libigdata                             ibigdata      00000
__Lidata                                idata         00000
__LidataCOMRAM                          idataCOMRAM   00000
__Lidloc                                idloc         00000
__Lifardata                             ifardata      00000
__Linit                                 init          000C2
__Lintcode                              intcode       00008
__Lintcode_body                         intcode_body  00000
__Lintcodelo                            intcodelo     00018
__Lintentry                             intentry      00000
__Lintret                               intret        00000
__Lintsave_regs                         intsave_regs  00000
__Lirdata                               irdata        00000
__Ljflash_buffer                        jflash_buffer 07800
__Lmediumconst                          mediumconst   00000
__LnvFARRAM                             nvFARRAM      00000
__Lnvbit                                nvbit         00000
__Lnvrram                               nvrram        00000
__Lparam                                rparam        00000
__Lpowerup                              powerup       000C2
__Lram                                  ram           00000
__Lramtop                               ramtop        00400
__Lrbit                                 rbit          00000
__Lrbss                                 rbss          00000
__Lrdata                                rdata         00000
__Lreset_vec                            reset_vec     00000
__Lrparam                               rparam        00000
__Lsfr                                  sfr           00000
__Lsmallconst                           smallconst    00400
__Lspace_0                              (abs)         00000
__Lspace_1                              (abs)         00000
__Lspace_2                              (abs)         00000
__Lspace_4                              (abs)         00000
__Lstack                                stack         00000
__Lstruct                               struct        00000
__Ltemp                                 temp          00042
__Ltext                                 text          00000
__Ltext0                                text0         00000
__Ltext1                                text1         00000
__Ltext10                               text10        00000
__Ltext11                               text11        00000
__Ltext12                               text12        00000
__Ltext13                               text13        00000
__Ltext15                               text15        00000
__Ltext16                               text16        00000
__Ltext17                               text17        00000
__Ltext18                               text18        00000
__Ltext19                               text19        00000
__Ltext2                                text2         00000
__Ltext21                               text21        00000
__Ltext22                               text22        00000
__Ltext23                               text23        00000
__Ltext24                               text24        00000
__Ltext25                               text25        00000
__Ltext26                               text26        00000
__Ltext27                               text27        00000
__Ltext28                               text28        00000
__Ltext3                                text3         00000
__Ltext4                                text4         00000
__Ltext5                                text5         00000
__Ltext6                                text6         00000
__Ltext7                                text7         00000
__Ltext8                                text8         00000
__Ltext9                                text9         00000
__S0                                    (abs)         00E02
__S1                                    (abs)         00100
__S2                                    (abs)         00000
__S4                                    (abs)         00000
___extmem_base                          (abs)         20000
___inthi_sp                             stack         00000
___intlo_sp                             stack         00000
___param_bank                           (abs)         00000
___rparam_used                          (abs)         00001
___sp                                   stack         00000
___wmul                                 text15        00D10
___wmul@multiplicand                    cstackCOMRAM  00022
___wmul@multiplier                      cstackCOMRAM  00020
___wmul@product                         cstackCOMRAM  00024
__accesstop                             (abs)         00080
__activetblptr                          (abs)         00002
__end_of_Configure_T0                   text8         006E2
__end_of_EUSART_Analize_data            text24        005EC
__end_of_EUSART_Receive                 text23        00CD6
__end_of_EUSART_Transmit                text22        00AF4
__end_of_EUSART_Turn_RX_ON              text13        00DFA
__end_of_EUSART_Turn_TX_OFF             text21        00E02
__end_of_EUSART_Turn_TX_ON              text7         00DF6
__end_of_GPIO_Setup                     text9         00B44
__end_of_Init_Startup                   text2         00BDA
__end_of_LED_Controller_Switch_Left     text17        00884
__end_of_LED_Controller_Switch_Right    text16        0094A
__end_of_RX_TX                          intcode_body  00A9E
__end_of_Set_EUSART                     text6         00DE0
__end_of_Set_PORTA_as_output            text12        00D7A
__end_of_Set_PORTB_as_input             text11        00D9A
__end_of_Set_PORTB_as_output            text10        00D58
__end_of_Timers                         intcodelo     000C2
__end_of_Timers_Turn_T0_ON              text1         00DF2
__end_of_Toggle_HS_Osc                  text5         00DEE
__end_of_Turn_on_Interrupts             text4         00DCE
__end_of___wmul                         text15        00D36
__end_of__initialization                cinit         00C0C
__end_of_main                           text0         00DB6
__end_of_strchr                         text28        00B90
__end_of_strcpy                         text3         00C5A
__end_of_strlen                         text27        00D10
__end_of_strncmp                        text26        007B8
__end_of_strstr                         text25        00A0A
__end_ofi1_EUSART_Turn_TX_ON            text19        00DFE
__end_ofi1_strcpy                       text18        00C9A
__initialization                        cinit         00BDA
__mediumconst                           mediumconst   00000
__pbssBANK0                             bssBANK0      00080
__pbssCOMRAM                            bssCOMRAM     0003F
__pcinit                                cinit         00BDA
__pcstackCOMRAM                         cstackCOMRAM  00001
__pdataCOMRAM                           dataCOMRAM    00038
__pidataCOMRAM                          idataCOMRAM   00DE0
__pintcode                              intcode       00008
__pintcode_body                         intcode_body  00A0A
__pintcodelo                            intcodelo     00018
__psmallconst                           smallconst    00400
__ptext0                                text0         00D9A
__ptext1                                text1         00DEE
__ptext10                               text10        00D36
__ptext11                               text11        00D7A
__ptext12                               text12        00D58
__ptext13                               text13        00DF6
__ptext15                               text15        00D10
__ptext16                               text16        00884
__ptext17                               text17        007B8
__ptext18                               text18        00C5A
__ptext19                               text19        00DFA
__ptext2                                text2         00B90
__ptext21                               text21        00DFE
__ptext22                               text22        00A9E
__ptext23                               text23        00C9A
__ptext24                               text24        004A0
__ptext25                               text25        0094A
__ptext26                               text26        006E2
__ptext27                               text27        00CD6
__ptext28                               text28        00B44
__ptext3                                text3         00C1A
__ptext4                                text4         00DB6
__ptext5                                text5         00DE8
__ptext6                                text6         00DCE
__ptext7                                text7         00DF2
__ptext8                                text8         005EC
__ptext9                                text9         00AF4
__ramtop                                ramtop        00400
__size_of_Configure_T0                  (abs)         00000
__size_of_EUSART_Analize_data           (abs)         00000
__size_of_EUSART_Receive                (abs)         00000
__size_of_EUSART_Transmit               (abs)         00000
__size_of_EUSART_Turn_RX_ON             (abs)         00000
__size_of_EUSART_Turn_TX_OFF            (abs)         00000
__size_of_EUSART_Turn_TX_ON             (abs)         00000
__size_of_GPIO_Setup                    (abs)         00000
__size_of_Init_Startup                  (abs)         00000
__size_of_LED_Controller_Switch_Left    (abs)         00000
__size_of_LED_Controller_Switch_Right   (abs)         00000
__size_of_RX_TX                         (abs)         00000
__size_of_Set_EUSART                    (abs)         00000
__size_of_Set_PORTA_as_output           (abs)         00000
__size_of_Set_PORTB_as_input            (abs)         00000
__size_of_Set_PORTB_as_output           (abs)         00000
__size_of_Timers                        (abs)         00000
__size_of_Timers_Turn_T0_ON             (abs)         00000
__size_of_Toggle_HS_Osc                 (abs)         00000
__size_of_Turn_on_Interrupts            (abs)         00000
__size_of___wmul                        (abs)         00000
__size_of_main                          (abs)         00000
__size_of_strchr                        (abs)         00000
__size_of_strcpy                        (abs)         00000
__size_of_strlen                        (abs)         00000
__size_of_strncmp                       (abs)         00000
__size_of_strstr                        (abs)         00000
__size_ofi1_EUSART_Turn_TX_ON           (abs)         00000
__size_ofi1_strcpy                      (abs)         00000
__smallconst                            smallconst    00400
_main                                   text0         00D9A
_received                               bssCOMRAM     00041
_strchr                                 text28        00B44
_strcpy                                 text3         00C1A
_strlen                                 text27        00CD6
_strncmp                                text26        006E2
_strstr                                 text25        0094A
btemp                                   temp          00042
end_of_initialization                   cinit         00C0C
i1_EUSART_Turn_TX_ON                    text19        00DFA
i1_strcpy                               text18        00C5A
i1strcpy@d                              cstackCOMRAM  00026
i1strcpy@dest                           cstackCOMRAM  00020
i1strcpy@s                              cstackCOMRAM  00024
i1strcpy@src                            cstackCOMRAM  00022
int$flags                               temp          00042
int_func                                intcode_body  00A0A
intlevel0                               text          00000
intlevel1                               text          00000
intlevel2                               text          00000
intlevel3                               text          00000
stackhi                                 (abs)         003FF
stacklo                                 (abs)         00100
start                                   init          000C2
start_initialization                    cinit         00BDA
strchr@c                                cstackCOMRAM  00003
strchr@s                                cstackCOMRAM  00001
strcpy@d                                cstackCOMRAM  00036
strcpy@dest                             cstackCOMRAM  00030
strcpy@s                                cstackCOMRAM  00034
strcpy@src                              cstackCOMRAM  00032
strlen@a                                cstackCOMRAM  00003
strlen@s                                cstackCOMRAM  00001
strncmp@_l                              cstackCOMRAM  00001
strncmp@_r                              cstackCOMRAM  00003
strncmp@l                               cstackCOMRAM  00008
strncmp@n                               cstackCOMRAM  00005
strncmp@r                               cstackCOMRAM  0000A
strstr@h                                cstackCOMRAM  0000C
strstr@n                                cstackCOMRAM  0000E
strstr@nl                               cstackCOMRAM  00010
ttemp5                                  temp          00043
ttemp6                                  temp          00046
ttemp7                                  temp          0004A
wtemp8                                  temp          00043


FUNCTION INFORMATION:

 *************** function _main *****************
 Defined at:
		line 88 in file "Task_main.c"
 Parameters:    Size  Location     Type
		None
 Auto vars:     Size  Location     Type
		None
 Return value:  Size  Location     Type
                  1    wreg      void 
 Registers used:
		wreg, fsr2l, fsr2h, status,2, status,0, tblptrl, tblptrh, tblptru, cstack
 Tracked objects:
		On entry : 
		On exit  : 
		Unchanged: 
 Data sizes:     COMRAM   BANK0   BANK1   BANK2   BANK3
      Params:         0       0       0       0       0
      Locals:         0       0       0       0       0
      Temps:          0       0       0       0       0
      Totals:         0       0       0       0       0
Total ram usage:        0 bytes
 Hardware stack levels required when called:    9
 This function calls:
		_EUSART_Turn_RX_ON
		_GPIO_Setup
		_Init_Startup
		_Timers_Turn_T0_ON
 This function is called by:
		Startup code after reset
 This function uses a non-reentrant model


 *************** function _Timers_Turn_T0_ON *****************
 Defined at:
		line 6 in file "Timers.c"
 Parameters:    Size  Location     Type
		None
 Auto vars:     Size  Location     Type
		None
 Return value:  Size  Location     Type
                  1    wreg      void 
 Registers used:
		None
 Tracked objects:
		On entry : 
		On exit  : 
		Unchanged: 
 Data sizes:     COMRAM   BANK0   BANK1   BANK2   BANK3
      Params:         0       0       0       0       0
      Locals:         0       0       0       0       0
      Temps:          0       0       0       0       0
      Totals:         0       0       0       0       0
Total ram usage:        0 bytes
 Hardware stack levels used:    1
 Hardware stack levels required when called:    7
 This function calls:
		Nothing
 This function is called by:
		_main
 This function uses a non-reentrant model


 *************** function _Init_Startup *****************
 Defined at:
		line 104 in file "Init.c"
 Parameters:    Size  Location     Type
		None
 Auto vars:     Size  Location     Type
		None
 Return value:  Size  Location     Type
                  1    wreg      void 
 Registers used:
		wreg, fsr2l, fsr2h, status,2, status,0, tblptrl, tblptrh, tblptru, cstack
 Tracked objects:
		On entry : 
		On exit  : 
		Unchanged: 
 Data sizes:     COMRAM   BANK0   BANK1   BANK2   BANK3
      Params:         0       0       0       0       0
      Locals:         0       0       0       0       0
      Temps:          0       0       0       0       0
      Totals:         0       0       0       0       0
Total ram usage:        0 bytes
 Hardware stack levels used:    1
 Hardware stack levels required when called:    8
 This function calls:
		_Configure_T0
		_EUSART_Turn_TX_ON
		_Set_EUSART
		_Toggle_HS_Osc
		_Turn_on_Interrupts
		_strcpy
 This function is called by:
		_main
 This function uses a non-reentrant model


 *************** function _strcpy *****************
 Defined at:
		line 3 in file "C:\Program Files\Microchip\xc8\v2.20\pic\sources\c99\common\strcpy.c"
 Parameters:    Size  Location     Type
  dest            2   47[COMRAM] PTR unsigned char 
		 -> Transmit_Buffer(64), 
  src             2   49[COMRAM] PTR const unsigned char 
		 -> STR_22(12), STR_21(12), STR_20(12), STR_19(12), 
		 -> STR_18(12), STR_17(12), STR_16(12), STR_15(12), 
		 -> STR_14(12), STR_13(13), STR_12(12), STR_11(13), 
		 -> STR_10(12), STR_9(12), STR_8(12), STR_7(12), 
		 -> STR_6(12), STR_5(12), STR_4(12), STR_3(12), 
		 -> STR_1(30), 
 Auto vars:     Size  Location     Type
  d               2   53[COMRAM] PTR unsigned char 
		 -> Transmit_Buffer(64), 
  s               2   51[COMRAM] PTR const unsigned char 
		 -> STR_22(12), STR_21(12), STR_20(12), STR_19(12), 
		 -> STR_18(12), STR_17(12), STR_16(12), STR_15(12), 
		 -> STR_14(12), STR_13(13), STR_12(12), STR_11(13), 
		 -> STR_10(12), STR_9(12), STR_8(12), STR_7(12), 
		 -> STR_6(12), STR_5(12), STR_4(12), STR_3(12), 
		 -> STR_1(30), 
 Return value:  Size  Location     Type
                  2   47[COMRAM] PTR unsigned char 
 Registers used:
		wreg, fsr2l, fsr2h, status,2, status,0, tblptrl, tblptrh, tblptru
 Tracked objects:
		On entry : 
		On exit  : 
		Unchanged: 
 Data sizes:     COMRAM   BANK0   BANK1   BANK2   BANK3
      Params:         4       0       0       0       0
      Locals:         4       0       0       0       0
      Temps:          0       0       0       0       0
      Totals:         8       0       0       0       0
Total ram usage:        8 bytes
 Hardware stack levels used:    1
 Hardware stack levels required when called:    7
 This function calls:
		Nothing
 This function is called by:
		_Init_Startup
 This function uses a non-reentrant model


 *************** function _Turn_on_Interrupts *****************
 Defined at:
		line 20 in file "Init.c"
 Parameters:    Size  Location     Type
		None
 Auto vars:     Size  Location     Type
		None
 Return value:  Size  Location     Type
                  1    wreg      void 
 Registers used:
		None
 Tracked objects:
		On entry : 
		On exit  : 
		Unchanged: 
 Data sizes:     COMRAM   BANK0   BANK1   BANK2   BANK3
      Params:         0       0       0       0       0
      Locals:         0       0       0       0       0
      Temps:          0       0       0       0       0
      Totals:         0       0       0       0       0
Total ram usage:        0 bytes
 Hardware stack levels used:    1
 Hardware stack levels required when called:    7
 This function calls:
		Nothing
 This function is called by:
		_Init_Startup
 This function uses a non-reentrant model


 *************** function _Toggle_HS_Osc *****************
 Defined at:
		line 3 in file "Init.c"
 Parameters:    Size  Location     Type
		None
 Auto vars:     Size  Location     Type
		None
 Return value:  Size  Location     Type
                  1    wreg      void 
 Registers used:
		wreg, status,2, status,0
 Tracked objects:
		On entry : 
		On exit  : 
		Unchanged: 
 Data sizes:     COMRAM   BANK0   BANK1   BANK2   BANK3
      Params:         0       0       0       0       0
      Locals:         0       0       0       0       0
      Temps:          0       0       0       0       0
      Totals:         0       0       0       0       0
Total ram usage:        0 bytes
 Hardware stack levels used:    1
 Hardware stack levels required when called:    7
 This function calls:
		Nothing
 This function is called by:
		_Init_Startup
 This function uses a non-reentrant model


 *************** function _Set_EUSART *****************
 Defined at:
		line 7 in file "Init.c"
 Parameters:    Size  Location     Type
		None
 Auto vars:     Size  Location     Type
		None
 Return value:  Size  Location     Type
                  1    wreg      void 
 Registers used:
		wreg, status,2
 Tracked objects:
		On entry : 
		On exit  : 
		Unchanged: 
 Data sizes:     COMRAM   BANK0   BANK1   BANK2   BANK3
      Params:         0       0       0       0       0
      Locals:         0       0       0       0       0
      Temps:          0       0       0       0       0
      Totals:         0       0       0       0       0
Total ram usage:        0 bytes
 Hardware stack levels used:    1
 Hardware stack levels required when called:    7
 This function calls:
		Nothing
 This function is called by:
		_Init_Startup
 This function uses a non-reentrant model


 *************** function _EUSART_Turn_TX_ON *****************
 Defined at:
		line 3 in file "EUSART.c"
 Parameters:    Size  Location     Type
		None
 Auto vars:     Size  Location     Type
		None
 Return value:  Size  Location     Type
                  1    wreg      void 
 Registers used:
		None
 Tracked objects:
		On entry : 
		On exit  : 
		Unchanged: 
 Data sizes:     COMRAM   BANK0   BANK1   BANK2   BANK3
      Params:         0       0       0       0       0
      Locals:         0       0       0       0       0
      Temps:          0       0       0       0       0
      Totals:         0       0       0       0       0
Total ram usage:        0 bytes
 Hardware stack levels used:    1
 Hardware stack levels required when called:    7
 This function calls:
		Nothing
 This function is called by:
		_Init_Startup
 This function uses a non-reentrant model


 *************** function _Configure_T0 *****************
 Defined at:
		line 44 in file "Init.c"
 Parameters:    Size  Location     Type
  bits            1    wreg     unsigned char 
  prescaler       2   47[COMRAM] unsigned int 
 Auto vars:     Size  Location     Type
  bits            1   51[COMRAM] unsigned char 
 Return value:  Size  Location     Type
                  1    wreg      unsigned char 
 Registers used:
		wreg, status,2, status,0
 Tracked objects:
		On entry : 
		On exit  : 
		Unchanged: 
 Data sizes:     COMRAM   BANK0   BANK1   BANK2   BANK3
      Params:         2       0       0       0       0
      Locals:         1       0       0       0       0
      Temps:          2       0       0       0       0
      Totals:         5       0       0       0       0
Total ram usage:        5 bytes
 Hardware stack levels used:    1
 Hardware stack levels required when called:    7
 This function calls:
		Nothing
 This function is called by:
		_Init_Startup
 This function uses a non-reentrant model


 *************** function _GPIO_Setup *****************
 Defined at:
		line 19 in file "GPIO.c"
 Parameters:    Size  Location     Type
		None
 Auto vars:     Size  Location     Type
		None
 Return value:  Size  Location     Type
                  1    wreg      void 
 Registers used:
		wreg, status,2, status,0, cstack
 Tracked objects:
		On entry : 
		On exit  : 
		Unchanged: 
 Data sizes:     COMRAM   BANK0   BANK1   BANK2   BANK3
      Params:         0       0       0       0       0
      Locals:         0       0       0       0       0
      Temps:          0       0       0       0       0
      Totals:         0       0       0       0       0
Total ram usage:        0 bytes
 Hardware stack levels used:    1
 Hardware stack levels required when called:    8
 This function calls:
		_Set_PORTA_as_output
		_Set_PORTB_as_input
		_Set_PORTB_as_output
 This function is called by:
		_main
 This function uses a non-reentrant model


 *************** function _Set_PORTB_as_output *****************
 Defined at:
		line 14 in file "GPIO.c"
 Parameters:    Size  Location     Type
  port            1    wreg     unsigned char 
 Auto vars:     Size  Location     Type
  port            1   49[COMRAM] unsigned char 
 Return value:  Size  Location     Type
                  1    wreg      void 
 Registers used:
		wreg, status,2, status,0
 Tracked objects:
		On entry : 
		On exit  : 
		Unchanged: 
 Data sizes:     COMRAM   BANK0   BANK1   BANK2   BANK3
      Params:         0       0       0       0       0
      Locals:         1       0       0       0       0
      Temps:          2       0       0       0       0
      Totals:         3       0       0       0       0
Total ram usage:        3 bytes
 Hardware stack levels used:    1
 Hardware stack levels required when called:    7
 This function calls:
		Nothing
 This function is called by:
		_GPIO_Setup
 This function uses a non-reentrant model


 *************** function _Set_PORTB_as_input *****************
 Defined at:
		line 5 in file "GPIO.c"
 Parameters:    Size  Location     Type
  port            1    wreg     unsigned char 
 Auto vars:     Size  Location     Type
  port            1   49[COMRAM] unsigned char 
 Return value:  Size  Location     Type
                  1    wreg      void 
 Registers used:
		wreg, status,2, status,0
 Tracked objects:
		On entry : 
		On exit  : 
		Unchanged: 
 Data sizes:     COMRAM   BANK0   BANK1   BANK2   BANK3
      Params:         0       0       0       0       0
      Locals:         1       0       0       0       0
      Temps:          2       0       0       0       0
      Totals:         3       0       0       0       0
Total ram usage:        3 bytes
 Hardware stack levels used:    1
 Hardware stack levels required when called:    7
 This function calls:
		Nothing
 This function is called by:
		_GPIO_Setup
 This function uses a non-reentrant model


 *************** function _Set_PORTA_as_output *****************
 Defined at:
		line 10 in file "GPIO.c"
 Parameters:    Size  Location     Type
  port            1    wreg     unsigned char 
 Auto vars:     Size  Location     Type
  port            1   49[COMRAM] unsigned char 
 Return value:  Size  Location     Type
                  1    wreg      void 
 Registers used:
		wreg, status,2, status,0
 Tracked objects:
		On entry : 
		On exit  : 
		Unchanged: 
 Data sizes:     COMRAM   BANK0   BANK1   BANK2   BANK3
      Params:         0       0       0       0       0
      Locals:         1       0       0       0       0
      Temps:          2       0       0       0       0
      Totals:         3       0       0       0       0
Total ram usage:        3 bytes
 Hardware stack levels used:    1
 Hardware stack levels required when called:    7
 This function calls:
		Nothing
 This function is called by:
		_GPIO_Setup
 This function uses a non-reentrant model


 *************** function _EUSART_Turn_RX_ON *****************
 Defined at:
		line 11 in file "EUSART.c"
 Parameters:    Size  Location     Type
		None
 Auto vars:     Size  Location     Type
		None
 Return value:  Size  Location     Type
                  1    wreg      void 
 Registers used:
		None
 Tracked objects:
		On entry : 
		On exit  : 
		Unchanged: 
 Data sizes:     COMRAM   BANK0   BANK1   BANK2   BANK3
      Params:         0       0       0       0       0
      Locals:         0       0       0       0       0
      Temps:          0       0       0       0       0
      Totals:         0       0       0       0       0
Total ram usage:        0 bytes
 Hardware stack levels used:    1
 Hardware stack levels required when called:    7
 This function calls:
		Nothing
 This function is called by:
		_main
 This function uses a non-reentrant model


 *************** function _Timers *****************
 Defined at:
		line 62 in file "Task_main.c"
 Parameters:    Size  Location     Type
		None
 Auto vars:     Size  Location     Type
		None
 Return value:  Size  Location     Type
                  1    wreg      void 
 Registers used:
		wreg, status,2, status,0, prodl, prodh, cstack
 Tracked objects:
		On entry : 
		On exit  : 
		Unchanged: 
 Data sizes:     COMRAM   BANK0   BANK1   BANK2   BANK3
      Params:         0       0       0       0       0
      Locals:         0       0       0       0       0
      Temps:          5       0       0       0       0
      Totals:         5       0       0       0       0
Total ram usage:        5 bytes
 Hardware stack levels used:    1
 Hardware stack levels required when called:    6
 This function calls:
		_LED_Controller_Switch_Left
		_LED_Controller_Switch_Right
		___wmul
 This function is called by:
		Interrupt level 1
 This function uses a non-reentrant model


 *************** function ___wmul *****************
 Defined at:
		line 15 in file "C:\Program Files\Microchip\xc8\v2.20\pic\sources\c99\common\Umul16.c"
 Parameters:    Size  Location     Type
  multiplier      2   31[COMRAM] unsigned int 
  multiplicand    2   33[COMRAM] unsigned int 
 Auto vars:     Size  Location     Type
  product         2   35[COMRAM] unsigned int 
 Return value:  Size  Location     Type
                  2   31[COMRAM] unsigned int 
 Registers used:
		wreg, status,2, status,0, prodl, prodh
 Tracked objects:
		On entry : 
		On exit  : 
		Unchanged: 
 Data sizes:     COMRAM   BANK0   BANK1   BANK2   BANK3
      Params:         4       0       0       0       0
      Locals:         2       0       0       0       0
      Temps:          0       0       0       0       0
      Totals:         6       0       0       0       0
Total ram usage:        6 bytes
 Hardware stack levels used:    1
 Hardware stack levels required when called:    4
 This function calls:
		Nothing
 This function is called by:
		_Timers
 This function uses a non-reentrant model


 *************** function _LED_Controller_Switch_Right *****************
 Defined at:
		line 3 in file "LED_controller.c"
 Parameters:    Size  Location     Type
  current_led     1    wreg     unsigned char 
 Auto vars:     Size  Location     Type
  current_led     1   41[COMRAM] unsigned char 
 Return value:  Size  Location     Type
                  1    wreg      unsigned char 
 Registers used:
		wreg, status,2, status,0
 Tracked objects:
		On entry : 
		On exit  : 
		Unchanged: 
 Data sizes:     COMRAM   BANK0   BANK1   BANK2   BANK3
      Params:         0       0       0       0       0
      Locals:         1       0       0       0       0
      Temps:          2       0       0       0       0
      Totals:         3       0       0       0       0
Total ram usage:        3 bytes
 Hardware stack levels used:    1
 Hardware stack levels required when called:    5
 This function calls:
		i1_EUSART_Turn_TX_ON
		i1_strcpy
 This function is called by:
		_Timers
 This function uses a non-reentrant model


 *************** function _LED_Controller_Switch_Left *****************
 Defined at:
		line 61 in file "LED_controller.c"
 Parameters:    Size  Location     Type
  current_led     1    wreg     unsigned char 
 Auto vars:     Size  Location     Type
  current_led     1   41[COMRAM] unsigned char 
 Return value:  Size  Location     Type
                  1    wreg      unsigned char 
 Registers used:
		wreg, status,2, status,0
 Tracked objects:
		On entry : 
		On exit  : 
		Unchanged: 
 Data sizes:     COMRAM   BANK0   BANK1   BANK2   BANK3
      Params:         0       0       0       0       0
      Locals:         1       0       0       0       0
      Temps:          2       0       0       0       0
      Totals:         3       0       0       0       0
Total ram usage:        3 bytes
 Hardware stack levels used:    1
 Hardware stack levels required when called:    5
 This function calls:
		i1_EUSART_Turn_TX_ON
		i1_strcpy
 This function is called by:
		_Timers
 This function uses a non-reentrant model


 *************** function i1_strcpy *****************
 Defined at:
		line 3 in file "C:\Program Files\Microchip\xc8\v2.20\pic\sources\c99\common\strcpy.c"
 Parameters:    Size  Location     Type
  dest            2   31[COMRAM] PTR unsigned char 
		 -> Transmit_Buffer(64), 
  src             2   33[COMRAM] PTR const unsigned char 
		 -> STR_22(12), STR_21(12), STR_20(12), STR_19(12), 
		 -> STR_18(12), STR_17(12), STR_16(12), STR_15(12), 
		 -> STR_14(12), STR_13(13), STR_12(12), STR_11(13), 
		 -> STR_10(12), STR_9(12), STR_8(12), STR_7(12), 
		 -> STR_6(12), STR_5(12), STR_4(12), STR_3(12), 
		 -> STR_1(30), 
 Auto vars:     Size  Location     Type
  d               2   37[COMRAM] PTR unsigned char 
		 -> Transmit_Buffer(64), 
  s               2   35[COMRAM] PTR const unsigned char 
		 -> STR_22(12), STR_21(12), STR_20(12), STR_19(12), 
		 -> STR_18(12), STR_17(12), STR_16(12), STR_15(12), 
		 -> STR_14(12), STR_13(13), STR_12(12), STR_11(13), 
		 -> STR_10(12), STR_9(12), STR_8(12), STR_7(12), 
		 -> STR_6(12), STR_5(12), STR_4(12), STR_3(12), 
		 -> STR_1(30), 
 Return value:  Size  Location     Type
                  2   31[COMRAM] PTR unsigned char 
 Registers used:
		wreg, fsr2l, fsr2h, status,2, status,0, tblptrl, tblptrh, tblptru
 Tracked objects:
		On entry : 
		On exit  : 
		Unchanged: 
 Data sizes:     COMRAM   BANK0   BANK1   BANK2   BANK3
      Params:         4       0       0       0       0
      Locals:         4       0       0       0       0
      Temps:          0       0       0       0       0
      Totals:         8       0       0       0       0
Total ram usage:        8 bytes
 Hardware stack levels used:    1
 Hardware stack levels required when called:    4
 This function calls:
		Nothing
 This function is called by:
		_LED_Controller_Switch_Right
		_LED_Controller_Switch_Left
 This function uses a non-reentrant model


 *************** function i1_EUSART_Turn_TX_ON *****************
 Defined at:
		line 3 in file "EUSART.c"
 Parameters:    Size  Location     Type
		None
 Auto vars:     Size  Location     Type
		None
 Return value:  Size  Location     Type
                  1    wreg      void 
 Registers used:
		None
 Tracked objects:
		On entry : 
		On exit  : 
		Unchanged: 
 Data sizes:     COMRAM   BANK0   BANK1   BANK2   BANK3
      Params:         0       0       0       0       0
      Locals:         0       0       0       0       0
      Temps:          0       0       0       0       0
      Totals:         0       0       0       0       0
Total ram usage:        0 bytes
 Hardware stack levels used:    1
 Hardware stack levels required when called:    4
 This function calls:
		Nothing
 This function is called by:
		_LED_Controller_Switch_Right
		_LED_Controller_Switch_Left
 This function uses a non-reentrant model


 *************** function _RX_TX *****************
 Defined at:
		line 43 in file "Task_main.c"
 Parameters:    Size  Location     Type
		None
 Auto vars:     Size  Location     Type
  temp            1   30[COMRAM] unsigned char 
 Return value:  Size  Location     Type
                  1    wreg      void 
 Registers used:
		wreg, fsr2l, fsr2h, status,2, status,0, tblptrl, tblptrh, tblptru, prodl, prodh, cstack
 Tracked objects:
		On entry : 
		On exit  : 
		Unchanged: 
 Data sizes:     COMRAM   BANK0   BANK1   BANK2   BANK3
      Params:         0       0       0       0       0
      Locals:         1       0       0       0       0
      Temps:          8       0       0       0       0
      Totals:         9       0       0       0       0
Total ram usage:        9 bytes
 Hardware stack levels used:    1
 Hardware stack levels required when called:    3
 This function calls:
		_EUSART_Analize_data
		_EUSART_Receive
		_EUSART_Transmit
		_EUSART_Turn_TX_OFF
 This function is called by:
		Interrupt level 2
 This function uses a non-reentrant model


 *************** function _EUSART_Turn_TX_OFF *****************
 Defined at:
		line 7 in file "EUSART.c"
 Parameters:    Size  Location     Type
		None
 Auto vars:     Size  Location     Type
		None
 Return value:  Size  Location     Type
                  1    wreg      void 
 Registers used:
		None
 Tracked objects:
		On entry : 
		On exit  : 
		Unchanged: 
 Data sizes:     COMRAM   BANK0   BANK1   BANK2   BANK3
      Params:         0       0       0       0       0
      Locals:         0       0       0       0       0
      Temps:          0       0       0       0       0
      Totals:         0       0       0       0       0
Total ram usage:        0 bytes
 Hardware stack levels used:    1
 This function calls:
		Nothing
 This function is called by:
		_RX_TX
 This function uses a non-reentrant model


 *************** function _EUSART_Transmit *****************
 Defined at:
		line 15 in file "EUSART.c"
 Parameters:    Size  Location     Type
  size            1    wreg     unsigned char 
  buffer          2    0[COMRAM] PTR unsigned char 
		 -> Transmit_Buffer(64), 
 Auto vars:     Size  Location     Type
  size            1    5[COMRAM] unsigned char 
  i               2    6[COMRAM] int 
 Return value:  Size  Location     Type
                  1    wreg      void 
 Registers used:
		wreg, fsr2l, fsr2h, status,2, status,0
 Tracked objects:
		On entry : 
		On exit  : 
		Unchanged: 
 Data sizes:     COMRAM   BANK0   BANK1   BANK2   BANK3
      Params:         2       0       0       0       0
      Locals:         3       0       0       0       0
      Temps:          3       0       0       0       0
      Totals:         8       0       0       0       0
Total ram usage:        8 bytes
 Hardware stack levels used:    1
 This function calls:
		Nothing
 This function is called by:
		_RX_TX
 This function uses a non-reentrant model


 *************** function _EUSART_Receive *****************
 Defined at:
		line 24 in file "EUSART.c"
 Parameters:    Size  Location     Type
		None
 Auto vars:     Size  Location     Type
		None
 Return value:  Size  Location     Type
                  1    wreg      void 
 Registers used:
		wreg, fsr2l, fsr2h, status,2, status,0
 Tracked objects:
		On entry : 
		On exit  : 
		Unchanged: 
 Data sizes:     COMRAM   BANK0   BANK1   BANK2   BANK3
      Params:         0       0       0       0       0
      Locals:         0       0       0       0       0
      Temps:          1       0       0       0       0
      Totals:         1       0       0       0       0
Total ram usage:        1 bytes
 Hardware stack levels used:    1
 This function calls:
		Nothing
 This function is called by:
		_RX_TX
 This function uses a non-reentrant model


 *************** function _EUSART_Analize_data *****************
 Defined at:
		line 37 in file "EUSART.c"
 Parameters:    Size  Location     Type
		None
 Auto vars:     Size  Location     Type
  temp_pointer    2   20[COMRAM] PTR unsigned char 
		 -> NULL(0), Receive_Buffer(64), 
  temp_data       1   19[COMRAM] unsigned char 
 Return value:  Size  Location     Type
                  1    wreg      unsigned char 
 Registers used:
		wreg, fsr2l, fsr2h, status,2, status,0, tblptrl, tblptrh, tblptru, prodl, prodh, cstack
 Tracked objects:
		On entry : 
		On exit  : 
		Unchanged: 
 Data sizes:     COMRAM   BANK0   BANK1   BANK2   BANK3
      Params:         0       0       0       0       0
      Locals:         3       0       0       0       0
      Temps:          2       0       0       0       0
      Totals:         5       0       0       0       0
Total ram usage:        5 bytes
 Hardware stack levels used:    1
 Hardware stack levels required when called:    2
 This function calls:
		_strstr
 This function is called by:
		_RX_TX
 This function uses a non-reentrant model


 *************** function _strstr *****************
 Defined at:
		line 4 in file "C:\Program Files\Microchip\xc8\v2.20\pic\sources\c99\common\strstr.c"
 Parameters:    Size  Location     Type
  h               2   11[COMRAM] PTR const unsigned char 
		 -> NULL(0), Receive_Buffer(64), 
  n               2   13[COMRAM] PTR const unsigned char 
		 -> STR_2(7), 
 Auto vars:     Size  Location     Type
  nl              2   15[COMRAM] unsigned int 
 Return value:  Size  Location     Type
                  2   11[COMRAM] PTR unsigned char 
 Registers used:
		wreg, fsr2l, fsr2h, status,2, status,0, tblptrl, tblptrh, tblptru, cstack
 Tracked objects:
		On entry : 
		On exit  : 
		Unchanged: 
 Data sizes:     COMRAM   BANK0   BANK1   BANK2   BANK3
      Params:         4       0       0       0       0
      Locals:         2       0       0       0       0
      Temps:          0       0       0       0       0
      Totals:         6       0       0       0       0
Total ram usage:        6 bytes
 Hardware stack levels used:    1
 Hardware stack levels required when called:    1
 This function calls:
		_strchr
		_strlen
		_strncmp
 This function is called by:
		_EUSART_Analize_data
 This function uses a non-reentrant model


 *************** function _strncmp *****************
 Defined at:
		line 3 in file "C:\Program Files\Microchip\xc8\v2.20\pic\sources\c99\common\strncmp.c"
 Parameters:    Size  Location     Type
  _l              2    0[COMRAM] PTR const unsigned char 
		 -> NULL(0), Receive_Buffer(64), 
  _r              2    2[COMRAM] PTR const unsigned char 
		 -> STR_2(7), 
  n               2    4[COMRAM] unsigned int 
 Auto vars:     Size  Location     Type
  r               2    9[COMRAM] PTR const unsigned char 
		 -> STR_2(7), 
  l               2    7[COMRAM] PTR const unsigned char 
		 -> NULL(0), Receive_Buffer(64), 
 Return value:  Size  Location     Type
                  2    0[COMRAM] int 
 Registers used:
		wreg, fsr2l, fsr2h, status,2, status,0, tblptrl, tblptrh, tblptru
 Tracked objects:
		On entry : 
		On exit  : 
		Unchanged: 
 Data sizes:     COMRAM   BANK0   BANK1   BANK2   BANK3
      Params:         6       0       0       0       0
      Locals:         4       0       0       0       0
      Temps:          1       0       0       0       0
      Totals:        11       0       0       0       0
Total ram usage:       11 bytes
 Hardware stack levels used:    1
 This function calls:
		Nothing
 This function is called by:
		_strstr
 This function uses a non-reentrant model


 *************** function _strlen *****************
 Defined at:
		line 5 in file "C:\Program Files\Microchip\xc8\v2.20\pic\sources\c99\common\strlen.c"
 Parameters:    Size  Location     Type
  s               2    0[COMRAM] PTR const unsigned char 
		 -> STR_2(7), 
 Auto vars:     Size  Location     Type
  a               2    2[COMRAM] PTR const unsigned char 
		 -> STR_2(7), 
 Return value:  Size  Location     Type
                  2    0[COMRAM] unsigned int 
 Registers used:
		wreg, status,2, status,0, tblptrl, tblptrh, tblptru
 Tracked objects:
		On entry : 
		On exit  : 
		Unchanged: 
 Data sizes:     COMRAM   BANK0   BANK1   BANK2   BANK3
      Params:         2       0       0       0       0
      Locals:         2       0       0       0       0
      Temps:          0       0       0       0       0
      Totals:         4       0       0       0       0
Total ram usage:        4 bytes
 Hardware stack levels used:    1
 This function calls:
		Nothing
 This function is called by:
		_strstr
 This function uses a non-reentrant model


 *************** function _strchr *****************
 Defined at:
		line 3 in file "C:\Program Files\Microchip\xc8\v2.20\pic\sources\c99\common\strchr.c"
 Parameters:    Size  Location     Type
  s               2    0[COMRAM] PTR const unsigned char 
		 -> NULL(0), Receive_Buffer(64), 
  c               2    2[COMRAM] int 
 Auto vars:     Size  Location     Type
		None
 Return value:  Size  Location     Type
                  2    0[COMRAM] PTR unsigned char 
 Registers used:
		wreg, fsr2l, fsr2h, status,2, status,0
 Tracked objects:
		On entry : 
		On exit  : 
		Unchanged: 
 Data sizes:     COMRAM   BANK0   BANK1   BANK2   BANK3
      Params:         4       0       0       0       0
      Locals:         0       0       0       0       0
      Temps:          1       0       0       0       0
      Totals:         5       0       0       0       0
Total ram usage:        5 bytes
 Hardware stack levels used:    1
 This function calls:
		Nothing
 This function is called by:
		_strstr
 This function uses a non-reentrant model



MODULE INFORMATION

Module		Function		Class		Link	Load	Size
EUSART.c
		_EUSART_Turn_TX_OFF		CODE           	0DFE	0000	5
		_EUSART_Receive		CODE           	0C9A	0000	61
		_EUSART_Transmit		CODE           	0A9E	0000	87
		_EUSART_Turn_RX_ON		CODE           	0DF6	0000	5
		_EUSART_Turn_TX_ON		CODE           	0DF2	0000	5
		_EUSART_Analize_data		CODE           	04A0	0000	333

EUSART.c estimated size: 496

LED_controller.c
		_LED_Controller_Switch_Left		CODE           	07B8	0000	205
		_LED_Controller_Switch_Right		CODE           	0884	0000	199

LED_controller.c estimated size: 404

C:\Program Files\Microchip\xc8\v2.20\pic\sources\c99\common\strstr.c
		_strstr        		CODE           	094A	0000	193

C:\Program Files\Microchip\xc8\v2.20\pic\sources\c99\common\strstr.c estimated size: 193

C:\Program Files\Microchip\xc8\v2.20\pic\sources\c99\common\Umul16.c
		___wmul        		CODE           	0D10	0000	39

C:\Program Files\Microchip\xc8\v2.20\pic\sources\c99\common\Umul16.c estimated size: 39

Timers.c
		_Timers_Turn_T0_ON		CODE           	0DEE	0000	5

Timers.c estimated size: 5

Task_main.c
		_RX_TX         		CODE           	0008	0000	155
		_main          		CODE           	0D9A	0000	29
		_Timers        		CODE           	0018	0000	171

Task_main.c estimated size: 355

Init.c
		_Toggle_HS_Osc 		CODE           	0DE8	0000	7
		_Init_Startup  		CODE           	0B90	0000	75
		_Set_EUSART    		CODE           	0DCE	0000	19
		_Configure_T0  		CODE           	05EC	0000	247
		_Turn_on_Interrupts		CODE           	0DB6	0000	25

Init.c estimated size: 373

shared
		i1_EUSART_Turn_TX_ON		CODE           	0DFA	0000	5
		i1_strcpy      		CODE           	0C5A	0000	65
		__initialization		CODE           	0BDA	0000	51

shared estimated size: 121

GPIO.c
		_Set_PORTB_as_input		CODE           	0D7A	0000	33
		_Set_PORTA_as_output		CODE           	0D58	0000	35
		_Set_PORTB_as_output		CODE           	0D36	0000	35
		_GPIO_Setup    		CODE           	0AF4	0000	81

GPIO.c estimated size: 184

C:\Program Files\Microchip\xc8\v2.20\pic\sources\c99\common\strlen.c
		_strlen        		CODE           	0CD6	0000	59

C:\Program Files\Microchip\xc8\v2.20\pic\sources\c99\common\strlen.c estimated size: 59

C:\Program Files\Microchip\xc8\v2.20\pic\sources\c99\common\strncmp.c
		_strncmp       		CODE           	06E2	0000	215

C:\Program Files\Microchip\xc8\v2.20\pic\sources\c99\common\strncmp.c estimated size: 215

C:\Program Files\Microchip\xc8\v2.20\pic\sources\c99\common\strchr.c
		_strchr        		CODE           	0B44	0000	77

C:\Program Files\Microchip\xc8\v2.20\pic\sources\c99\common\strchr.c estimated size: 77

C:\Program Files\Microchip\xc8\v2.20\pic\sources\c99\common\strcpy.c
		_strcpy        		CODE           	0C1A	0000	65

C:\Program Files\Microchip\xc8\v2.20\pic\sources\c99\common\strcpy.c estimated size: 65

